
Cloudflare collects anonymous telemetry about your usage of Wrangler. Learn more at https://github.com/cloudflare/workers-sdk/tree/main/packages/wrangler/telemetry.md

 ⛅️ wrangler 4.59.2
───────────────────
Your Worker has access to the following bindings:
Binding            Resource      Mode
env.ASSETS         Assets        local

⎔ Starting local server...
[wrangler:info] Ready on http://localhost:8787
[wrangler:info] GET / 200 OK (48ms)
[wrangler:info] GET /enriched_channels.json 200 OK (41ms)
[wrangler:info] HEAD /proxy 403 Forbidden (2360ms)
[wrangler:info] HEAD /proxy 200 OK (1691ms)
[wrangler:info] HEAD /proxy 500 Internal Server Error (12106ms)
[wrangler:info] HEAD /proxy 200 OK (455ms)
[wrangler:info] HEAD /proxy 200 OK (1364ms)
[wrangler:info] HEAD /proxy 404 Not Found (1042ms)
[wrangler:info] HEAD /proxy 403 Forbidden (248ms)
[wrangler:info] HEAD /proxy 500 Internal Server Error (773ms)
[wrangler:info] HEAD /proxy 200 OK (683ms)
[wrangler:info] HEAD /proxy 503 Backend fetch failed (2635ms)
[wrangler:info] HEAD /proxy 200 OK (1589ms)
[wrangler:info] HEAD /proxy 404 Not Found (1097ms)
[wrangler:info] HEAD /proxy 200 OK (2225ms)
[wrangler:info] HEAD /proxy 200 OK (1213ms)
[wrangler:info] HEAD /proxy 404 Not Found (1448ms)
[wrangler:info] HEAD /proxy 200 OK (3299ms)
[wrangler:info] HEAD /proxy 404 Not Found (1735ms)
[wrangler:info] HEAD /proxy 200 OK (1891ms)
[wrangler:info] HEAD /proxy 404 Not Found (7908ms)
[wrangler:info] HEAD /proxy 200 OK (1092ms)
[wrangler:info] HEAD /proxy 200 OK (792ms)
[wrangler:info] HEAD /proxy 404 Not Found (205ms)
[wrangler:info] HEAD /proxy 403 Forbidden (1838ms)
[wrangler:info] HEAD /proxy 200 OK (774ms)
[wrangler:info] HEAD /proxy 500 Internal Server Error (767ms)
[wrangler:info] HEAD /proxy 200 OK (2005ms)
[wrangler:info] GET / 200 OK (113ms)
[wrangler:info] GET /enriched_channels.json 200 OK (39ms)
[wrangler:info] HEAD /proxy 200 OK (918ms)
[wrangler:info] HEAD /proxy 500 Internal Server Error (1394ms)
[wrangler:info] HEAD /proxy 200 OK (1936ms)
[wrangler:info] HEAD /proxy 200 OK (1093ms)
[wrangler:info] GET /proxy 200 OK (737ms)
[wrangler:info] GET /render.m3u8 404 Not Found (5ms)
[wrangler:info] GET /render.m3u8 404 Not Found (5ms)
[wrangler:info] GET /render.m3u8 404 Not Found (11ms)
[wrangler:info] GET /render.m3u8 404 Not Found (6ms)
[wrangler:info] HEAD /proxy 500 Internal Server Error (2022ms)
[wrangler:info] HEAD /proxy 200 OK (1806ms)
[wrangler:info] GET /proxy 200 OK (535ms)
[wrangler:info] GET /render.m3u8 404 Not Found (9ms)
[wrangler:info] GET /render.m3u8 404 Not Found (8ms)
[wrangler:info] GET /render.m3u8 404 Not Found (7ms)
[wrangler:info] GET /render.m3u8 404 Not Found (7ms)
[wrangler:info] HEAD /proxy 200 OK (846ms)
[wrangler:info] HEAD /proxy 500 Internal Server Error (458ms)
[wrangler:info] HEAD /proxy 500 Internal Server Error (14ms)
[wrangler:info] HEAD /proxy 403 Forbidden (3326ms)
[wrangler:info] HEAD /proxy 404 Not Found (1164ms)
[wrangler:info] HEAD /proxy 403 Forbidden (160ms)
[wrangler:info] HEAD /proxy 404 Not Found (635ms)
[wrangler:info] HEAD /proxy 404 Not Found (2790ms)
[wrangler:info] HEAD /proxy 200 OK (4605ms)
[wrangler:info] HEAD /proxy 200 OK (1335ms)
[wrangler:info] HEAD /proxy 404 Not Found (293ms)
[wrangler:info] HEAD /proxy 404 Not Found (1120ms)
[wrangler:info] GET /proxy 200 OK (2995ms)
[wrangler:info] GET /render.m3u8 404 Not Found (15ms)
[wrangler:info] GET /render.m3u8 404 Not Found (9ms)
[wrangler:info] HEAD /proxy 403 Forbidden (3121ms)
[wrangler:info] GET /render.m3u8 404 Not Found (8ms)
[wrangler:info] GET /render.m3u8 404 Not Found (3ms)
[wrangler:info] HEAD /proxy 200 OK (4320ms)
[wrangler:info] HEAD /proxy 200 OK (1981ms)
[wrangler:info] HEAD /proxy 403 Forbidden (3865ms)
[wrangler:info] HEAD /proxy 500 Internal Server Error (19ms)
[wrangler:info] HEAD /proxy 404 Unknown Error (1171ms)
[wrangler:info] HEAD /proxy 404 Not Found (877ms)
[wrangler:info] HEAD /proxy 500 Internal Server Error (1164ms)
[wrangler:info] HEAD /proxy 200 OK (630ms)
[wrangler:info] HEAD /proxy 200 OK (1042ms)
[wrangler:info] HEAD /proxy 404 Not Found (487ms)
